Date Time 1,Systolic 1,Diastolic 1,Pulse 1,Note 1,Date Time 2,Systolic 2,Diastolic 2,Pulse 2,Note 2,Date Time 3,Systolic 3,Diastolic 3,Pulse 3,Note 3
2020-04-26 06:16:43,97,68,58,
2020-04-27 06:13:26,100,68,51,
2020-04-28 06:06:13,92,67,57,,2020-04-28 21:37:54,93,65,63,
2020-04-29 06:58:02,94,66,50,First reading,2020-04-29 18:42:54,101,77,63,Second reading,2020-04-29 21:30:15,98,79,67,Third reading
2020-04-30 05:41:59,106,71,52,,2020-04-30 21:47:12,97,66,57,
2020-05-01 06:22:09,96,66,53,,2020-05-01 22:04:11,92,62,57,
2020-05-02 08:00:00,95,64,49,
2020-05-03 07:12:11,91,63,49,
2020-05-04 06:21:45,97,67,50,
2020-05-05 06:19:55,93,65,52,,2020-05-05 18:40:16,107,71,61,
2020-05-06 06:09:01,102,70,53,Overwrite Test
2020-05-07 06:18:01,95,66,52,,2020-05-07 19:48:19,94,64,59,
2020-05-08 05:53:46,95,68,51,
2020-05-28 06:18:27,92,68,57,,2020-05-28 20:59:29,92,66,52,
